SCAD producer execution
=======================

Capability: scad.build
Action: build
Source revision: 3dbdf655b578e5237dc91e6add607eb224dad6c5
Owner: brainboxemb/tool.scad-project
Owner revision: a140b22858ac1899e7f2fa71b679639a70d819c3
tool.scad-project version: 0.14.9
Status: success
Producer started (UTC): 2026-09-16T17:12:20Z
Producer finished (UTC): 2026-09-16T17:12:21Z
Producer duration: 1115 ms

Domain evidence: ../../domain/last-build.json

Decision report kind: build
Build engine: scons
Targets: 2
Outcomes: BUILT=2, CACHE_RESTORED=0, CURRENT=0, ERROR=0

Target decisions:
- BUILT: bld/png/hub75-p5-64x32-panel-front-angled.png
- BUILT: bld/png/hub75-p5-64x32-panel-rear-angled.png
