SCAD producer execution
=======================

Capability: scad.docs
Action: design-build
Source revision: 1d819c5bb9d0018986f3169fc04a8fa0e77d877b
Owner: brainboxemb/tool.scad-project
Owner revision: 68301267273ea21c4b82ff3b26e1c8a30ff7b065
tool.scad-project version: 0.12.0
Status: success

Domain evidence: ../../domain/last-design-build.json

Decision report kind: design
Build engine: scons
Targets: 26
Outcomes: BUILT=0, CACHE_RESTORED=26, CURRENT=0, ERROR=0

Target decisions:
- CACHE_RESTORED: .cache/scad-project/design-stage/project/openscad/p5-64x32-panel/hub75_p5_64x32_panel/design/img/01-front.png
- CACHE_RESTORED: .cache/scad-project/design-stage/project/openscad/p5-64x32-panel/hub75_p5_64x32_panel/design/img/02-rear.png
- CACHE_RESTORED: .cache/scad-project/design-stage/project/openscad/p5-64x32-panel/hub75_p5_64x32_panel/design/img/03-front-mask.png
- CACHE_RESTORED: .cache/scad-project/design-stage/project/openscad/p5-64x32-panel/hub75_p5_64x32_panel/design/img/04-front-stack.png
- CACHE_RESTORED: .cache/scad-project/design-stage/project/openscad/p5-64x32-panel/hub75_p5_64x32_panel/design/img/05-taper-body.png
- CACHE_RESTORED: .cache/scad-project/design-stage/project/openscad/p5-64x32-panel/hub75_p5_64x32_panel/design/img/06-bay-rounded-corner.png
- CACHE_RESTORED: .cache/scad-project/design-stage/project/openscad/p5-64x32-panel/hub75_p5_64x32_panel/design/img/07-narrow-end-width.png
- CACHE_RESTORED: .cache/scad-project/design-stage/project/openscad/p5-64x32-panel/hub75_p5_64x32_panel/design/img/08-narrow-transition-left.png
- CACHE_RESTORED: .cache/scad-project/design-stage/project/openscad/p5-64x32-panel/hub75_p5_64x32_panel/design/img/09-narrow-transition-right.png
- CACHE_RESTORED: .cache/scad-project/design-stage/project/openscad/p5-64x32-panel/hub75_p5_64x32_panel/design/img/10-bay-bottom-relief.png
- CACHE_RESTORED: .cache/scad-project/design-stage/project/openscad/p5-64x32-panel/hub75_p5_64x32_panel/design/img/11-bay-1.png
- CACHE_RESTORED: .cache/scad-project/design-stage/project/openscad/p5-64x32-panel/hub75_p5_64x32_panel/design/img/12-rear-openings.png
- CACHE_RESTORED: .cache/scad-project/design-stage/project/openscad/p5-64x32-panel/hub75_p5_64x32_panel/design/img/13-rear-frame-core.png
- CACHE_RESTORED: .cache/scad-project/design-stage/project/openscad/p5-64x32-panel/hub75_p5_64x32_panel/design/img/14-reinforcement-solids.png
- CACHE_RESTORED: .cache/scad-project/design-stage/project/openscad/p5-64x32-panel/hub75_p5_64x32_panel/design/img/15-recess-bottom.png
- CACHE_RESTORED: .cache/scad-project/design-stage/project/openscad/p5-64x32-panel/hub75_p5_64x32_panel/design/img/16-rear-recess-3d.png
- CACHE_RESTORED: .cache/scad-project/design-stage/project/openscad/p5-64x32-panel/hub75_p5_64x32_panel/design/img/17-rear-after-recess.png
- CACHE_RESTORED: .cache/scad-project/design-stage/project/openscad/p5-64x32-panel/hub75_p5_64x32_panel/design/img/18-mounting-relief-single.png
- CACHE_RESTORED: .cache/scad-project/design-stage/project/openscad/p5-64x32-panel/hub75_p5_64x32_panel/design/img/19-mounting-tube-single.png
- CACHE_RESTORED: .cache/scad-project/design-stage/project/openscad/p5-64x32-panel/hub75_p5_64x32_panel/design/img/20-mounting-tubes.png
- CACHE_RESTORED: .cache/scad-project/design-stage/project/openscad/p5-64x32-panel/hub75_p5_64x32_panel/design/img/21-reinforcement-inner-recess.png
- CACHE_RESTORED: .cache/scad-project/design-stage/project/openscad/p5-64x32-panel/hub75_p5_64x32_panel/design/img/22-reinforcement-blind-hole.png
- CACHE_RESTORED: .cache/scad-project/design-stage/project/openscad/p5-64x32-panel/hub75_p5_64x32_panel/design/img/23-locator-upper-left.png
- CACHE_RESTORED: .cache/scad-project/design-stage/project/openscad/p5-64x32-panel/hub75_p5_64x32_panel/design/img/24-data-connector-bottom.png
- CACHE_RESTORED: .cache/scad-project/design-stage/project/openscad/p5-64x32-panel/hub75_p5_64x32_panel/design/img/25-data-connectors.png
- CACHE_RESTORED: .cache/scad-project/design-stage/project/openscad/p5-64x32-panel/hub75_p5_64x32_panel/design/img/26-power-connector.png
